// Jest Snapshot v1, https://goo.gl/fbAQLP

exports[`renders correctly 1`] = `
<Text
  style={
    [
      {
        "color": "#f5f7f6",
      },
      [
        undefined,
        {
          "fontFamily": "SpaceMono",
        },
      ],
    ]
  }
>
  Snapshot test!
</Text>
`;
